[debug] [2024-11-14T15:48:14.526Z] ----------------------------------------------------------------------
[debug] [2024-11-14T15:48:14.529Z] Command:       /usr/local/Cellar/node/23.1.0_1/bin/node /usr/local/bin/firebase serve
[debug] [2024-11-14T15:48:14.530Z] CLI Version:   13.25.0
[debug] [2024-11-14T15:48:14.530Z] Platform:      darwin
[debug] [2024-11-14T15:48:14.530Z] Node Version:  v23.1.0
[debug] [2024-11-14T15:48:14.530Z] Time:          Thu Nov 14 2024 16:48:14 GMT+0100 (Central European Standard Time)
[debug] [2024-11-14T15:48:14.530Z] ----------------------------------------------------------------------
[debug] 
[debug] [2024-11-14T15:48:14.593Z] > command requires scopes: ["email","openid","https://www.googleapis.com/auth/cloudplatformprojects.readonly","https://www.googleapis.com/auth/firebase","https://www.googleapis.com/auth/cloud-platform"]
[debug] [2024-11-14T15:48:14.593Z] > authorizing via signed-in user (abdulla.qadry@code.berlin)
[debug] [2024-11-14T15:48:14.593Z] [iam] checking project todo-crud-app-c26e1 for permissions ["firebase.projects.get"]
[debug] [2024-11-14T15:48:14.594Z] Checked if tokens are valid: true, expires at: 1731602144098
[debug] [2024-11-14T15:48:14.594Z] Checked if tokens are valid: true, expires at: 1731602144098
[debug] [2024-11-14T15:48:14.595Z] >>> [apiv2][query] POST https://cloudresourcemanager.googleapis.com/v1/projects/todo-crud-app-c26e1:testIamPermissions [none]
[debug] [2024-11-14T15:48:14.595Z] >>> [apiv2][(partial)header] POST https://cloudresourcemanager.googleapis.com/v1/projects/todo-crud-app-c26e1:testIamPermissions x-goog-quota-user=projects/todo-crud-app-c26e1
[debug] [2024-11-14T15:48:14.595Z] >>> [apiv2][body] POST https://cloudresourcemanager.googleapis.com/v1/projects/todo-crud-app-c26e1:testIamPermissions {"permissions":["firebase.projects.get"]}
[debug] [2024-11-14T15:48:15.397Z] <<< [apiv2][status] POST https://cloudresourcemanager.googleapis.com/v1/projects/todo-crud-app-c26e1:testIamPermissions 200
[debug] [2024-11-14T15:48:15.397Z] <<< [apiv2][body] POST https://cloudresourcemanager.googleapis.com/v1/projects/todo-crud-app-c26e1:testIamPermissions {"permissions":["firebase.projects.get"]}
[debug] [2024-11-14T15:48:15.398Z] Checked if tokens are valid: true, expires at: 1731602144098
[debug] [2024-11-14T15:48:15.398Z] Checked if tokens are valid: true, expires at: 1731602144098
[debug] [2024-11-14T15:48:15.398Z] >>> [apiv2][query] GET https://firebase.googleapis.com/v1beta1/projects/todo-crud-app-c26e1 [none]
[debug] [2024-11-14T15:48:15.790Z] <<< [apiv2][status] GET https://firebase.googleapis.com/v1beta1/projects/todo-crud-app-c26e1 200
[debug] [2024-11-14T15:48:15.791Z] <<< [apiv2][body] GET https://firebase.googleapis.com/v1beta1/projects/todo-crud-app-c26e1 {"projectId":"todo-crud-app-c26e1","projectNumber":"26200167148","displayName":"Todo-CRUD-app","name":"projects/todo-crud-app-c26e1","resources":{"hostingSite":"todo-crud-app-c26e1"},"state":"ACTIVE","etag":"1_ee1b1106-e8d0-486c-b2d4-a4df32de0b38"}
[info] 
[info] === Serving from '/Users/abdallahadry/CODE-TODO'...
[info] 
[debug] [2024-11-14T15:48:15.793Z] Checked if tokens are valid: true, expires at: 1731602144098
[debug] [2024-11-14T15:48:15.793Z] Checked if tokens are valid: true, expires at: 1731602144098
[debug] [2024-11-14T15:48:15.794Z] defaultcredentials: writing to file /Users/abdallahadry/.config/firebase/abdulla_qadry_code.berlin_application_default_credentials.json
[debug] [2024-11-14T15:48:15.794Z] >>> [apiv2][query] GET https://firebasehosting.googleapis.com/v1beta1/projects/todo-crud-app-c26e1/sites 
[debug] [2024-11-14T15:48:15.797Z] Setting GAC to /Users/abdallahadry/.config/firebase/abdulla_qadry_code.berlin_application_default_credentials.json {"metadata":{"emulator":{"name":"functions"},"message":"Setting GAC to /Users/abdallahadry/.config/firebase/abdulla_qadry_code.berlin_application_default_credentials.json"}}
[debug] [2024-11-14T15:48:15.798Z] Checked if tokens are valid: true, expires at: 1731602144098
[debug] [2024-11-14T15:48:15.798Z] Checked if tokens are valid: true, expires at: 1731602144098
[debug] [2024-11-14T15:48:15.798Z] >>> [apiv2][query] GET https://firebase.googleapis.com/v1beta1/projects/todo-crud-app-c26e1/adminSdkConfig [none]
[debug] [2024-11-14T15:48:16.024Z] <<< [apiv2][status] GET https://firebase.googleapis.com/v1beta1/projects/todo-crud-app-c26e1/adminSdkConfig 200
[debug] [2024-11-14T15:48:16.024Z] <<< [apiv2][body] GET https://firebase.googleapis.com/v1beta1/projects/todo-crud-app-c26e1/adminSdkConfig {"projectId":"todo-crud-app-c26e1","storageBucket":"todo-crud-app-c26e1.firebasestorage.app"}
[debug] [2024-11-14T15:48:17.124Z] <<< [apiv2][status] GET https://firebasehosting.googleapis.com/v1beta1/projects/todo-crud-app-c26e1/sites 200
[debug] [2024-11-14T15:48:17.124Z] <<< [apiv2][body] GET https://firebasehosting.googleapis.com/v1beta1/projects/todo-crud-app-c26e1/sites {"sites":[{"name":"projects/todo-crud-app-c26e1/sites/todo-crud-app-c26e1","defaultUrl":"https://todo-crud-app-c26e1.web.app","type":"DEFAULT_SITE"}]}
[debug] [2024-11-14T15:48:17.125Z] Checked if tokens are valid: true, expires at: 1731602144098
[debug] [2024-11-14T15:48:17.125Z] Checked if tokens are valid: true, expires at: 1731602144098
[debug] [2024-11-14T15:48:17.125Z] >>> [apiv2][query] GET https://firebase.googleapis.com/v1beta1/projects/todo-crud-app-c26e1/webApps/-/config [none]
[debug] [2024-11-14T15:48:17.802Z] <<< [apiv2][status] GET https://firebase.googleapis.com/v1beta1/projects/todo-crud-app-c26e1/webApps/-/config 200
[debug] [2024-11-14T15:48:17.802Z] <<< [apiv2][body] GET https://firebase.googleapis.com/v1beta1/projects/todo-crud-app-c26e1/webApps/-/config {"projectId":"todo-crud-app-c26e1","appId":"1:26200167148:web:df4923ba023bbfd8238bc9","storageBucket":"todo-crud-app-c26e1.firebasestorage.app","apiKey":"AIzaSyCFk2G-wv0fyvs0jevR1TozjbcMGY3bZy4","authDomain":"todo-crud-app-c26e1.firebaseapp.com","messagingSenderId":"26200167148"}
[debug] [2024-11-14T15:48:17.824Z] Checked if tokens are valid: true, expires at: 1731602144098
[debug] [2024-11-14T15:48:17.824Z] Checked if tokens are valid: true, expires at: 1731602144098
[debug] [2024-11-14T15:48:17.824Z] >>> [apiv2][query] GET https://firebase.googleapis.com/v1beta1/projects/todo-crud-app-c26e1 [none]
[debug] [2024-11-14T15:48:18.019Z] <<< [apiv2][status] GET https://firebase.googleapis.com/v1beta1/projects/todo-crud-app-c26e1 200
[debug] [2024-11-14T15:48:18.019Z] <<< [apiv2][body] GET https://firebase.googleapis.com/v1beta1/projects/todo-crud-app-c26e1 {"projectId":"todo-crud-app-c26e1","projectNumber":"26200167148","displayName":"Todo-CRUD-app","name":"projects/todo-crud-app-c26e1","resources":{"hostingSite":"todo-crud-app-c26e1"},"state":"ACTIVE","etag":"1_ee1b1106-e8d0-486c-b2d4-a4df32de0b38"}
[info] i  functions: Watching "/Users/abdallahadry/CODE-TODO/functions" for Cloud Functions... {"metadata":{"emulator":{"name":"functions"},"message":"Watching \"/Users/abdallahadry/CODE-TODO/functions\" for Cloud Functions..."}}
[info] i  hosting[todo-crud-app-c26e1]: Serving hosting files from: public {"metadata":{"emulator":{"name":"hosting"},"message":"Serving hosting files from: \u001b[1mpublic\u001b[22m"}}
[info] ✔  hosting[todo-crud-app-c26e1]: Local server: http://localhost:5002 {"metadata":{"emulator":{"name":"hosting"},"message":"Local server: \u001b[4m\u001b[1mhttp://localhost:5002\u001b[22m\u001b[24m"}}
[debug] [2024-11-14T15:48:18.281Z] Validating nodejs source
[warn] ⚠  functions: Couldn't find firebase-functions package in your source code. Have you run 'npm install'? 
[debug] [2024-11-14T15:48:18.282Z] getFunctionsSDKVersion encountered error: Cannot find module 'firebase-functions'
Require stack:
- /usr/local/lib/node_modules/firebase-tools/lib/deploy/functions/runtimes/node/versioning.js
- /usr/local/lib/node_modules/firebase-tools/lib/deploy/functions/runtimes/node/index.js
- /usr/local/lib/node_modules/firebase-tools/lib/deploy/functions/runtimes/index.js
- /usr/local/lib/node_modules/firebase-tools/lib/deploy/functions/prepare.js
- /usr/local/lib/node_modules/firebase-tools/lib/emulator/functionsEmulatorShared.js
- /usr/local/lib/node_modules/firebase-tools/lib/emulator/functionsEmulator.js
- /usr/local/lib/node_modules/firebase-tools/lib/emulator/controller.js
- /usr/local/lib/node_modules/firebase-tools/lib/emulator/commandUtils.js
- /usr/local/lib/node_modules/firebase-tools/lib/commands/database-get.js
- /usr/local/lib/node_modules/firebase-tools/lib/commands/index.js
- /usr/local/lib/node_modules/firebase-tools/lib/index.js
- /usr/local/lib/node_modules/firebase-tools/lib/bin/firebase.js {"code":"MODULE_NOT_FOUND","requireStack":["/usr/local/lib/node_modules/firebase-tools/lib/deploy/functions/runtimes/node/versioning.js","/usr/local/lib/node_modules/firebase-tools/lib/deploy/functions/runtimes/node/index.js","/usr/local/lib/node_modules/firebase-tools/lib/deploy/functions/runtimes/index.js","/usr/local/lib/node_modules/firebase-tools/lib/deploy/functions/prepare.js","/usr/local/lib/node_modules/firebase-tools/lib/emulator/functionsEmulatorShared.js","/usr/local/lib/node_modules/firebase-tools/lib/emulator/functionsEmulator.js","/usr/local/lib/node_modules/firebase-tools/lib/emulator/controller.js","/usr/local/lib/node_modules/firebase-tools/lib/emulator/commandUtils.js","/usr/local/lib/node_modules/firebase-tools/lib/commands/database-get.js","/usr/local/lib/node_modules/firebase-tools/lib/commands/index.js","/usr/local/lib/node_modules/firebase-tools/lib/index.js","/usr/local/lib/node_modules/firebase-tools/lib/bin/firebase.js"]}
[debug] [2024-11-14T15:48:18.282Z] checkFunctionsSDKVersion encountered error: Invalid Version:  {}
[debug] [2024-11-14T15:48:18.282Z] > [functions] package.json contents: {
  "name": "functions",
  "description": "Cloud Functions for Firebase",
  "scripts": {
    "serve": "firebase emulators:start --only functions",
    "shell": "firebase functions:shell",
    "start": "npm run shell",
    "deploy": "firebase deploy --only functions",
    "logs": "firebase functions:log"
  },
  "engines": {
    "node": "18"
  },
  "main": "index.js",
  "dependencies": {
    "firebase-admin": "^12.6.0",
    "firebase-functions": "^6.0.1"
  },
  "devDependencies": {
    "firebase-functions-test": "^3.1.0"
  },
  "private": true
}
[debug] [2024-11-14T15:48:18.283Z] Building nodejs source
[debug] [2024-11-14T15:48:18.283Z] Failed to find version of module node: reached end of search path /Users/abdallahadry/CODE-TODO/functions/node_modules
[warn] ⚠  functions: Your requested "node" version "18" doesn't match your global version "23". Using node@23 from host. 
[debug] [2024-11-14T15:48:18.284Z] Could not parse firebase-functions version '' into semver. Falling back to parseTriggers.
[error] ⬢  functions: Failed to load function definition from source: FirebaseError: Error parsing triggers: Cannot find module 'firebase-functions/v2/https'
Require stack:
- /Users/abdallahadry/CODE-TODO/functions/index.js
- /usr/local/lib/node_modules/firebase-tools/lib/deploy/functions/runtimes/node/triggerParser.js

Try running "npm install" in your functions directory before deploying. {"metadata":{"emulator":{"name":"functions"},"message":"Failed to load function definition from source: FirebaseError: Error parsing triggers: Cannot find module 'firebase-functions/v2/https'\nRequire stack:\n- /Users/abdallahadry/CODE-TODO/functions/index.js\n- /usr/local/lib/node_modules/firebase-tools/lib/deploy/functions/runtimes/node/triggerParser.js\n\nTry running \"npm install\" in your functions directory before deploying."}}
[info] i  hosting: ::1 - - [14/Nov/2024:15:48:36 +0000] "GET / HTTP/1.1" 500 - "-" "Mozilla/5.0 (Macintosh; Intel Mac OS X 10_15_7) AppleWebKit/537.36 (KHTML, like Gecko) Chrome/130.0.0.0 Safari/537.36" {"metadata":{"emulator":{"name":"hosting"},"message":"::1 - - [14/Nov/2024:15:48:36 +0000] \"GET / HTTP/1.1\" 500 - \"-\" \"Mozilla/5.0 (Macintosh; Intel Mac OS X 10_15_7) AppleWebKit/537.36 (KHTML, like Gecko) Chrome/130.0.0.0 Safari/537.36\""}}
[info] i  hosting: ::1 - - [14/Nov/2024:15:48:37 +0000] "GET /favicon.ico HTTP/1.1" 500 - "http://localhost:5002/" "Mozilla/5.0 (Macintosh; Intel Mac OS X 10_15_7) AppleWebKit/537.36 (KHTML, like Gecko) Chrome/130.0.0.0 Safari/537.36" {"metadata":{"emulator":{"name":"hosting"},"message":"::1 - - [14/Nov/2024:15:48:37 +0000] \"GET /favicon.ico HTTP/1.1\" 500 - \"http://localhost:5002/\" \"Mozilla/5.0 (Macintosh; Intel Mac OS X 10_15_7) AppleWebKit/537.36 (KHTML, like Gecko) Chrome/130.0.0.0 Safari/537.36\""}}
[info] i  hosting: ::1 - - [14/Nov/2024:15:49:19 +0000] "GET / HTTP/1.1" 500 - "-" "Mozilla/5.0 (Macintosh; Intel Mac OS X 10_15_7) AppleWebKit/537.36 (KHTML, like Gecko) Chrome/130.0.0.0 Safari/537.36" {"metadata":{"emulator":{"name":"hosting"},"message":"::1 - - [14/Nov/2024:15:49:19 +0000] \"GET / HTTP/1.1\" 500 - \"-\" \"Mozilla/5.0 (Macintosh; Intel Mac OS X 10_15_7) AppleWebKit/537.36 (KHTML, like Gecko) Chrome/130.0.0.0 Safari/537.36\""}}
[info] i  hosting: ::1 - - [14/Nov/2024:15:49:19 +0000] "GET /favicon.ico HTTP/1.1" 500 - "http://localhost:5002/" "Mozilla/5.0 (Macintosh; Intel Mac OS X 10_15_7) AppleWebKit/537.36 (KHTML, like Gecko) Chrome/130.0.0.0 Safari/537.36" {"metadata":{"emulator":{"name":"hosting"},"message":"::1 - - [14/Nov/2024:15:49:19 +0000] \"GET /favicon.ico HTTP/1.1\" 500 - \"http://localhost:5002/\" \"Mozilla/5.0 (Macintosh; Intel Mac OS X 10_15_7) AppleWebKit/537.36 (KHTML, like Gecko) Chrome/130.0.0.0 Safari/537.36\""}}
[debug] [2024-11-14T15:50:31.789Z] ----------------------------------------------------------------------
[debug] [2024-11-14T15:50:31.792Z] Command:       /usr/local/Cellar/node/23.1.0_1/bin/node /usr/local/bin/firebase serve
[debug] [2024-11-14T15:50:31.792Z] CLI Version:   13.25.0
[debug] [2024-11-14T15:50:31.793Z] Platform:      darwin
[debug] [2024-11-14T15:50:31.793Z] Node Version:  v23.1.0
[debug] [2024-11-14T15:50:31.793Z] Time:          Thu Nov 14 2024 16:50:31 GMT+0100 (Central European Standard Time)
[debug] [2024-11-14T15:50:31.793Z] ----------------------------------------------------------------------
[debug] 
[debug] [2024-11-14T15:50:31.855Z] > command requires scopes: ["email","openid","https://www.googleapis.com/auth/cloudplatformprojects.readonly","https://www.googleapis.com/auth/firebase","https://www.googleapis.com/auth/cloud-platform"]
[debug] [2024-11-14T15:50:31.855Z] > authorizing via signed-in user (abdulla.qadry@code.berlin)
[debug] [2024-11-14T15:50:31.855Z] [iam] checking project todo-crud-app-c26e1 for permissions ["firebase.projects.get"]
[debug] [2024-11-14T15:50:31.856Z] Checked if tokens are valid: true, expires at: 1731602144098
[debug] [2024-11-14T15:50:31.857Z] Checked if tokens are valid: true, expires at: 1731602144098
[debug] [2024-11-14T15:50:31.857Z] >>> [apiv2][query] POST https://cloudresourcemanager.googleapis.com/v1/projects/todo-crud-app-c26e1:testIamPermissions [none]
[debug] [2024-11-14T15:50:31.857Z] >>> [apiv2][(partial)header] POST https://cloudresourcemanager.googleapis.com/v1/projects/todo-crud-app-c26e1:testIamPermissions x-goog-quota-user=projects/todo-crud-app-c26e1
[debug] [2024-11-14T15:50:31.858Z] >>> [apiv2][body] POST https://cloudresourcemanager.googleapis.com/v1/projects/todo-crud-app-c26e1:testIamPermissions {"permissions":["firebase.projects.get"]}
[debug] [2024-11-14T15:50:32.616Z] <<< [apiv2][status] POST https://cloudresourcemanager.googleapis.com/v1/projects/todo-crud-app-c26e1:testIamPermissions 200
[debug] [2024-11-14T15:50:32.616Z] <<< [apiv2][body] POST https://cloudresourcemanager.googleapis.com/v1/projects/todo-crud-app-c26e1:testIamPermissions {"permissions":["firebase.projects.get"]}
[debug] [2024-11-14T15:50:32.617Z] Checked if tokens are valid: true, expires at: 1731602144098
[debug] [2024-11-14T15:50:32.617Z] Checked if tokens are valid: true, expires at: 1731602144098
[debug] [2024-11-14T15:50:32.617Z] >>> [apiv2][query] GET https://firebase.googleapis.com/v1beta1/projects/todo-crud-app-c26e1 [none]
[debug] [2024-11-14T15:50:32.940Z] <<< [apiv2][status] GET https://firebase.googleapis.com/v1beta1/projects/todo-crud-app-c26e1 200
[debug] [2024-11-14T15:50:32.940Z] <<< [apiv2][body] GET https://firebase.googleapis.com/v1beta1/projects/todo-crud-app-c26e1 {"projectId":"todo-crud-app-c26e1","projectNumber":"26200167148","displayName":"Todo-CRUD-app","name":"projects/todo-crud-app-c26e1","resources":{"hostingSite":"todo-crud-app-c26e1"},"state":"ACTIVE","etag":"1_ee1b1106-e8d0-486c-b2d4-a4df32de0b38"}
[info] 
[info] === Serving from '/Users/abdallahadry/CODE-TODO'...
[info] 
[debug] [2024-11-14T15:50:32.944Z] Checked if tokens are valid: true, expires at: 1731602144098
[debug] [2024-11-14T15:50:32.945Z] Checked if tokens are valid: true, expires at: 1731602144098
[debug] [2024-11-14T15:50:32.947Z] defaultcredentials: writing to file /Users/abdallahadry/.config/firebase/abdulla_qadry_code.berlin_application_default_credentials.json
[debug] [2024-11-14T15:50:32.948Z] >>> [apiv2][query] GET https://firebasehosting.googleapis.com/v1beta1/projects/todo-crud-app-c26e1/sites 
[debug] [2024-11-14T15:50:32.952Z] Setting GAC to /Users/abdallahadry/.config/firebase/abdulla_qadry_code.berlin_application_default_credentials.json {"metadata":{"emulator":{"name":"functions"},"message":"Setting GAC to /Users/abdallahadry/.config/firebase/abdulla_qadry_code.berlin_application_default_credentials.json"}}
[debug] [2024-11-14T15:50:32.953Z] Checked if tokens are valid: true, expires at: 1731602144098
[debug] [2024-11-14T15:50:32.953Z] Checked if tokens are valid: true, expires at: 1731602144098
[debug] [2024-11-14T15:50:32.953Z] >>> [apiv2][query] GET https://firebase.googleapis.com/v1beta1/projects/todo-crud-app-c26e1/adminSdkConfig [none]
[debug] [2024-11-14T15:50:33.424Z] <<< [apiv2][status] GET https://firebase.googleapis.com/v1beta1/projects/todo-crud-app-c26e1/adminSdkConfig 200
[debug] [2024-11-14T15:50:33.424Z] <<< [apiv2][body] GET https://firebase.googleapis.com/v1beta1/projects/todo-crud-app-c26e1/adminSdkConfig {"projectId":"todo-crud-app-c26e1","storageBucket":"todo-crud-app-c26e1.firebasestorage.app"}
[debug] [2024-11-14T15:50:34.245Z] <<< [apiv2][status] GET https://firebasehosting.googleapis.com/v1beta1/projects/todo-crud-app-c26e1/sites 200
[debug] [2024-11-14T15:50:34.245Z] <<< [apiv2][body] GET https://firebasehosting.googleapis.com/v1beta1/projects/todo-crud-app-c26e1/sites {"sites":[{"name":"projects/todo-crud-app-c26e1/sites/todo-crud-app-c26e1","defaultUrl":"https://todo-crud-app-c26e1.web.app","type":"DEFAULT_SITE"}]}
[debug] [2024-11-14T15:50:34.245Z] Checked if tokens are valid: true, expires at: 1731602144098
[debug] [2024-11-14T15:50:34.246Z] Checked if tokens are valid: true, expires at: 1731602144098
[debug] [2024-11-14T15:50:34.246Z] >>> [apiv2][query] GET https://firebase.googleapis.com/v1beta1/projects/todo-crud-app-c26e1/webApps/-/config [none]
[debug] [2024-11-14T15:50:35.269Z] <<< [apiv2][status] GET https://firebase.googleapis.com/v1beta1/projects/todo-crud-app-c26e1/webApps/-/config 200
[debug] [2024-11-14T15:50:35.269Z] <<< [apiv2][body] GET https://firebase.googleapis.com/v1beta1/projects/todo-crud-app-c26e1/webApps/-/config {"projectId":"todo-crud-app-c26e1","appId":"1:26200167148:web:df4923ba023bbfd8238bc9","storageBucket":"todo-crud-app-c26e1.firebasestorage.app","apiKey":"AIzaSyCFk2G-wv0fyvs0jevR1TozjbcMGY3bZy4","authDomain":"todo-crud-app-c26e1.firebaseapp.com","messagingSenderId":"26200167148"}
[debug] [2024-11-14T15:50:35.296Z] Checked if tokens are valid: true, expires at: 1731602144098
[debug] [2024-11-14T15:50:35.296Z] Checked if tokens are valid: true, expires at: 1731602144098
[debug] [2024-11-14T15:50:35.297Z] >>> [apiv2][query] GET https://firebase.googleapis.com/v1beta1/projects/todo-crud-app-c26e1 [none]
[debug] [2024-11-14T15:50:35.570Z] <<< [apiv2][status] GET https://firebase.googleapis.com/v1beta1/projects/todo-crud-app-c26e1 200
[debug] [2024-11-14T15:50:35.570Z] <<< [apiv2][body] GET https://firebase.googleapis.com/v1beta1/projects/todo-crud-app-c26e1 {"projectId":"todo-crud-app-c26e1","projectNumber":"26200167148","displayName":"Todo-CRUD-app","name":"projects/todo-crud-app-c26e1","resources":{"hostingSite":"todo-crud-app-c26e1"},"state":"ACTIVE","etag":"1_ee1b1106-e8d0-486c-b2d4-a4df32de0b38"}
[info] i  functions: Watching "/Users/abdallahadry/CODE-TODO/functions" for Cloud Functions... {"metadata":{"emulator":{"name":"functions"},"message":"Watching \"/Users/abdallahadry/CODE-TODO/functions\" for Cloud Functions..."}}
[info] i  hosting[todo-crud-app-c26e1]: Serving hosting files from: public {"metadata":{"emulator":{"name":"hosting"},"message":"Serving hosting files from: \u001b[1mpublic\u001b[22m"}}
[info] ✔  hosting[todo-crud-app-c26e1]: Local server: http://localhost:5002 {"metadata":{"emulator":{"name":"hosting"},"message":"Local server: \u001b[4m\u001b[1mhttp://localhost:5002\u001b[22m\u001b[24m"}}
[debug] [2024-11-14T15:50:35.789Z] Validating nodejs source
[warn] ⚠  functions: Couldn't find firebase-functions package in your source code. Have you run 'npm install'? 
[debug] [2024-11-14T15:50:35.790Z] getFunctionsSDKVersion encountered error: Cannot find module 'firebase-functions'
Require stack:
- /usr/local/lib/node_modules/firebase-tools/lib/deploy/functions/runtimes/node/versioning.js
- /usr/local/lib/node_modules/firebase-tools/lib/deploy/functions/runtimes/node/index.js
- /usr/local/lib/node_modules/firebase-tools/lib/deploy/functions/runtimes/index.js
- /usr/local/lib/node_modules/firebase-tools/lib/deploy/functions/prepare.js
- /usr/local/lib/node_modules/firebase-tools/lib/emulator/functionsEmulatorShared.js
- /usr/local/lib/node_modules/firebase-tools/lib/emulator/functionsEmulator.js
- /usr/local/lib/node_modules/firebase-tools/lib/emulator/controller.js
- /usr/local/lib/node_modules/firebase-tools/lib/emulator/commandUtils.js
- /usr/local/lib/node_modules/firebase-tools/lib/commands/database-get.js
- /usr/local/lib/node_modules/firebase-tools/lib/commands/index.js
- /usr/local/lib/node_modules/firebase-tools/lib/index.js
- /usr/local/lib/node_modules/firebase-tools/lib/bin/firebase.js {"code":"MODULE_NOT_FOUND","requireStack":["/usr/local/lib/node_modules/firebase-tools/lib/deploy/functions/runtimes/node/versioning.js","/usr/local/lib/node_modules/firebase-tools/lib/deploy/functions/runtimes/node/index.js","/usr/local/lib/node_modules/firebase-tools/lib/deploy/functions/runtimes/index.js","/usr/local/lib/node_modules/firebase-tools/lib/deploy/functions/prepare.js","/usr/local/lib/node_modules/firebase-tools/lib/emulator/functionsEmulatorShared.js","/usr/local/lib/node_modules/firebase-tools/lib/emulator/functionsEmulator.js","/usr/local/lib/node_modules/firebase-tools/lib/emulator/controller.js","/usr/local/lib/node_modules/firebase-tools/lib/emulator/commandUtils.js","/usr/local/lib/node_modules/firebase-tools/lib/commands/database-get.js","/usr/local/lib/node_modules/firebase-tools/lib/commands/index.js","/usr/local/lib/node_modules/firebase-tools/lib/index.js","/usr/local/lib/node_modules/firebase-tools/lib/bin/firebase.js"]}
[debug] [2024-11-14T15:50:35.790Z] checkFunctionsSDKVersion encountered error: Invalid Version:  {}
[debug] [2024-11-14T15:50:35.791Z] > [functions] package.json contents: {
  "name": "functions",
  "description": "Cloud Functions for Firebase",
  "scripts": {
    "serve": "firebase emulators:start --only functions",
    "shell": "firebase functions:shell",
    "start": "npm run shell",
    "deploy": "firebase deploy --only functions",
    "logs": "firebase functions:log"
  },
  "engines": {
    "node": "18"
  },
  "main": "index.js",
  "dependencies": {
    "firebase-admin": "^12.6.0",
    "firebase-functions": "^6.0.1"
  },
  "devDependencies": {
    "firebase-functions-test": "^3.1.0"
  },
  "private": true
}
[debug] [2024-11-14T15:50:35.791Z] Building nodejs source
[debug] [2024-11-14T15:50:35.791Z] Failed to find version of module node: reached end of search path /Users/abdallahadry/CODE-TODO/functions/node_modules
[warn] ⚠  functions: Your requested "node" version "18" doesn't match your global version "23". Using node@23 from host. 
[debug] [2024-11-14T15:50:35.793Z] Could not parse firebase-functions version '' into semver. Falling back to parseTriggers.
[error] ⬢  functions: Failed to load function definition from source: FirebaseError: Error parsing triggers: Cannot find module 'firebase-functions/v2/https'
Require stack:
- /Users/abdallahadry/CODE-TODO/functions/index.js
- /usr/local/lib/node_modules/firebase-tools/lib/deploy/functions/runtimes/node/triggerParser.js

Try running "npm install" in your functions directory before deploying. {"metadata":{"emulator":{"name":"functions"},"message":"Failed to load function definition from source: FirebaseError: Error parsing triggers: Cannot find module 'firebase-functions/v2/https'\nRequire stack:\n- /Users/abdallahadry/CODE-TODO/functions/index.js\n- /usr/local/lib/node_modules/firebase-tools/lib/deploy/functions/runtimes/node/triggerParser.js\n\nTry running \"npm install\" in your functions directory before deploying."}}
[info] i  hosting: ::1 - - [14/Nov/2024:15:50:40 +0000] "GET / HTTP/1.1" 500 - "-" "Mozilla/5.0 (Macintosh; Intel Mac OS X 10_15_7) AppleWebKit/537.36 (KHTML, like Gecko) Chrome/130.0.0.0 Safari/537.36" {"metadata":{"emulator":{"name":"hosting"},"message":"::1 - - [14/Nov/2024:15:50:40 +0000] \"GET / HTTP/1.1\" 500 - \"-\" \"Mozilla/5.0 (Macintosh; Intel Mac OS X 10_15_7) AppleWebKit/537.36 (KHTML, like Gecko) Chrome/130.0.0.0 Safari/537.36\""}}
[info] i  hosting: ::1 - - [14/Nov/2024:15:50:40 +0000] "GET /favicon.ico HTTP/1.1" 500 - "http://localhost:5002/" "Mozilla/5.0 (Macintosh; Intel Mac OS X 10_15_7) AppleWebKit/537.36 (KHTML, like Gecko) Chrome/130.0.0.0 Safari/537.36" {"metadata":{"emulator":{"name":"hosting"},"message":"::1 - - [14/Nov/2024:15:50:40 +0000] \"GET /favicon.ico HTTP/1.1\" 500 - \"http://localhost:5002/\" \"Mozilla/5.0 (Macintosh; Intel Mac OS X 10_15_7) AppleWebKit/537.36 (KHTML, like Gecko) Chrome/130.0.0.0 Safari/537.36\""}}
[debug] [2024-11-14T15:51:47.219Z] ----------------------------------------------------------------------
[debug] [2024-11-14T15:51:47.223Z] Command:       /usr/local/Cellar/node/23.1.0_1/bin/node /usr/local/bin/firebase serve
[debug] [2024-11-14T15:51:47.223Z] CLI Version:   13.25.0
[debug] [2024-11-14T15:51:47.224Z] Platform:      darwin
[debug] [2024-11-14T15:51:47.224Z] Node Version:  v23.1.0
[debug] [2024-11-14T15:51:47.224Z] Time:          Thu Nov 14 2024 16:51:47 GMT+0100 (Central European Standard Time)
[debug] [2024-11-14T15:51:47.225Z] ----------------------------------------------------------------------
[debug] 
[debug] [2024-11-14T15:51:47.296Z] > command requires scopes: ["email","openid","https://www.googleapis.com/auth/cloudplatformprojects.readonly","https://www.googleapis.com/auth/firebase","https://www.googleapis.com/auth/cloud-platform"]
[debug] [2024-11-14T15:51:47.297Z] > authorizing via signed-in user (abdulla.qadry@code.berlin)
[debug] [2024-11-14T15:51:47.297Z] [iam] checking project todo-crud-app-c26e1 for permissions ["firebase.projects.get"]
[debug] [2024-11-14T15:51:47.298Z] Checked if tokens are valid: true, expires at: 1731602144098
[debug] [2024-11-14T15:51:47.298Z] Checked if tokens are valid: true, expires at: 1731602144098
[debug] [2024-11-14T15:51:47.300Z] >>> [apiv2][query] POST https://cloudresourcemanager.googleapis.com/v1/projects/todo-crud-app-c26e1:testIamPermissions [none]
[debug] [2024-11-14T15:51:47.300Z] >>> [apiv2][(partial)header] POST https://cloudresourcemanager.googleapis.com/v1/projects/todo-crud-app-c26e1:testIamPermissions x-goog-quota-user=projects/todo-crud-app-c26e1
[debug] [2024-11-14T15:51:47.300Z] >>> [apiv2][body] POST https://cloudresourcemanager.googleapis.com/v1/projects/todo-crud-app-c26e1:testIamPermissions {"permissions":["firebase.projects.get"]}
[debug] [2024-11-14T15:51:48.085Z] <<< [apiv2][status] POST https://cloudresourcemanager.googleapis.com/v1/projects/todo-crud-app-c26e1:testIamPermissions 200
[debug] [2024-11-14T15:51:48.086Z] <<< [apiv2][body] POST https://cloudresourcemanager.googleapis.com/v1/projects/todo-crud-app-c26e1:testIamPermissions {"permissions":["firebase.projects.get"]}
[debug] [2024-11-14T15:51:48.086Z] Checked if tokens are valid: true, expires at: 1731602144098
[debug] [2024-11-14T15:51:48.086Z] Checked if tokens are valid: true, expires at: 1731602144098
[debug] [2024-11-14T15:51:48.087Z] >>> [apiv2][query] GET https://firebase.googleapis.com/v1beta1/projects/todo-crud-app-c26e1 [none]
[debug] [2024-11-14T15:51:48.365Z] <<< [apiv2][status] GET https://firebase.googleapis.com/v1beta1/projects/todo-crud-app-c26e1 200
[debug] [2024-11-14T15:51:48.365Z] <<< [apiv2][body] GET https://firebase.googleapis.com/v1beta1/projects/todo-crud-app-c26e1 {"projectId":"todo-crud-app-c26e1","projectNumber":"26200167148","displayName":"Todo-CRUD-app","name":"projects/todo-crud-app-c26e1","resources":{"hostingSite":"todo-crud-app-c26e1"},"state":"ACTIVE","etag":"1_ee1b1106-e8d0-486c-b2d4-a4df32de0b38"}
[info] 
[info] === Serving from '/Users/abdallahadry/CODE-TODO'...
[info] 
[debug] [2024-11-14T15:51:48.368Z] Checked if tokens are valid: true, expires at: 1731602144098
[debug] [2024-11-14T15:51:48.368Z] Checked if tokens are valid: true, expires at: 1731602144098
[debug] [2024-11-14T15:51:48.370Z] defaultcredentials: writing to file /Users/abdallahadry/.config/firebase/abdulla_qadry_code.berlin_application_default_credentials.json
[debug] [2024-11-14T15:51:48.370Z] >>> [apiv2][query] GET https://firebasehosting.googleapis.com/v1beta1/projects/todo-crud-app-c26e1/sites 
[debug] [2024-11-14T15:51:48.373Z] Setting GAC to /Users/abdallahadry/.config/firebase/abdulla_qadry_code.berlin_application_default_credentials.json {"metadata":{"emulator":{"name":"functions"},"message":"Setting GAC to /Users/abdallahadry/.config/firebase/abdulla_qadry_code.berlin_application_default_credentials.json"}}
[debug] [2024-11-14T15:51:48.374Z] Checked if tokens are valid: true, expires at: 1731602144098
[debug] [2024-11-14T15:51:48.374Z] Checked if tokens are valid: true, expires at: 1731602144098
[debug] [2024-11-14T15:51:48.374Z] >>> [apiv2][query] GET https://firebase.googleapis.com/v1beta1/projects/todo-crud-app-c26e1/adminSdkConfig [none]
[debug] [2024-11-14T15:51:48.645Z] <<< [apiv2][status] GET https://firebase.googleapis.com/v1beta1/projects/todo-crud-app-c26e1/adminSdkConfig 200
[debug] [2024-11-14T15:51:48.645Z] <<< [apiv2][body] GET https://firebase.googleapis.com/v1beta1/projects/todo-crud-app-c26e1/adminSdkConfig {"projectId":"todo-crud-app-c26e1","storageBucket":"todo-crud-app-c26e1.firebasestorage.app"}
[debug] [2024-11-14T15:51:49.609Z] <<< [apiv2][status] GET https://firebasehosting.googleapis.com/v1beta1/projects/todo-crud-app-c26e1/sites 200
[debug] [2024-11-14T15:51:49.609Z] <<< [apiv2][body] GET https://firebasehosting.googleapis.com/v1beta1/projects/todo-crud-app-c26e1/sites {"sites":[{"name":"projects/todo-crud-app-c26e1/sites/todo-crud-app-c26e1","defaultUrl":"https://todo-crud-app-c26e1.web.app","type":"DEFAULT_SITE"}]}
[debug] [2024-11-14T15:51:49.609Z] Checked if tokens are valid: true, expires at: 1731602144098
[debug] [2024-11-14T15:51:49.609Z] Checked if tokens are valid: true, expires at: 1731602144098
[debug] [2024-11-14T15:51:49.610Z] >>> [apiv2][query] GET https://firebase.googleapis.com/v1beta1/projects/todo-crud-app-c26e1/webApps/-/config [none]
[debug] [2024-11-14T15:51:50.261Z] <<< [apiv2][status] GET https://firebase.googleapis.com/v1beta1/projects/todo-crud-app-c26e1/webApps/-/config 200
[debug] [2024-11-14T15:51:50.261Z] <<< [apiv2][body] GET https://firebase.googleapis.com/v1beta1/projects/todo-crud-app-c26e1/webApps/-/config {"projectId":"todo-crud-app-c26e1","appId":"1:26200167148:web:df4923ba023bbfd8238bc9","storageBucket":"todo-crud-app-c26e1.firebasestorage.app","apiKey":"AIzaSyCFk2G-wv0fyvs0jevR1TozjbcMGY3bZy4","authDomain":"todo-crud-app-c26e1.firebaseapp.com","messagingSenderId":"26200167148"}
[debug] [2024-11-14T15:51:50.288Z] Checked if tokens are valid: true, expires at: 1731602144098
[debug] [2024-11-14T15:51:50.288Z] Checked if tokens are valid: true, expires at: 1731602144098
[debug] [2024-11-14T15:51:50.288Z] >>> [apiv2][query] GET https://firebase.googleapis.com/v1beta1/projects/todo-crud-app-c26e1 [none]
[debug] [2024-11-14T15:51:50.634Z] <<< [apiv2][status] GET https://firebase.googleapis.com/v1beta1/projects/todo-crud-app-c26e1 200
[debug] [2024-11-14T15:51:50.634Z] <<< [apiv2][body] GET https://firebase.googleapis.com/v1beta1/projects/todo-crud-app-c26e1 {"projectId":"todo-crud-app-c26e1","projectNumber":"26200167148","displayName":"Todo-CRUD-app","name":"projects/todo-crud-app-c26e1","resources":{"hostingSite":"todo-crud-app-c26e1"},"state":"ACTIVE","etag":"1_ee1b1106-e8d0-486c-b2d4-a4df32de0b38"}
[info] i  functions: Watching "/Users/abdallahadry/CODE-TODO/functions" for Cloud Functions... {"metadata":{"emulator":{"name":"functions"},"message":"Watching \"/Users/abdallahadry/CODE-TODO/functions\" for Cloud Functions..."}}
[info] i  hosting[todo-crud-app-c26e1]: Serving hosting files from: public {"metadata":{"emulator":{"name":"hosting"},"message":"Serving hosting files from: \u001b[1mpublic\u001b[22m"}}
[info] ✔  hosting[todo-crud-app-c26e1]: Local server: http://localhost:5002 {"metadata":{"emulator":{"name":"hosting"},"message":"Local server: \u001b[4m\u001b[1mhttp://localhost:5002\u001b[22m\u001b[24m"}}
[debug] [2024-11-14T15:51:50.921Z] Validating nodejs source
[warn] ⚠  functions: Couldn't find firebase-functions package in your source code. Have you run 'npm install'? 
[debug] [2024-11-14T15:51:50.921Z] getFunctionsSDKVersion encountered error: Cannot find module 'firebase-functions'
Require stack:
- /usr/local/lib/node_modules/firebase-tools/lib/deploy/functions/runtimes/node/versioning.js
- /usr/local/lib/node_modules/firebase-tools/lib/deploy/functions/runtimes/node/index.js
- /usr/local/lib/node_modules/firebase-tools/lib/deploy/functions/runtimes/index.js
- /usr/local/lib/node_modules/firebase-tools/lib/deploy/functions/prepare.js
- /usr/local/lib/node_modules/firebase-tools/lib/emulator/functionsEmulatorShared.js
- /usr/local/lib/node_modules/firebase-tools/lib/emulator/functionsEmulator.js
- /usr/local/lib/node_modules/firebase-tools/lib/emulator/controller.js
- /usr/local/lib/node_modules/firebase-tools/lib/emulator/commandUtils.js
- /usr/local/lib/node_modules/firebase-tools/lib/commands/database-get.js
- /usr/local/lib/node_modules/firebase-tools/lib/commands/index.js
- /usr/local/lib/node_modules/firebase-tools/lib/index.js
- /usr/local/lib/node_modules/firebase-tools/lib/bin/firebase.js {"code":"MODULE_NOT_FOUND","requireStack":["/usr/local/lib/node_modules/firebase-tools/lib/deploy/functions/runtimes/node/versioning.js","/usr/local/lib/node_modules/firebase-tools/lib/deploy/functions/runtimes/node/index.js","/usr/local/lib/node_modules/firebase-tools/lib/deploy/functions/runtimes/index.js","/usr/local/lib/node_modules/firebase-tools/lib/deploy/functions/prepare.js","/usr/local/lib/node_modules/firebase-tools/lib/emulator/functionsEmulatorShared.js","/usr/local/lib/node_modules/firebase-tools/lib/emulator/functionsEmulator.js","/usr/local/lib/node_modules/firebase-tools/lib/emulator/controller.js","/usr/local/lib/node_modules/firebase-tools/lib/emulator/commandUtils.js","/usr/local/lib/node_modules/firebase-tools/lib/commands/database-get.js","/usr/local/lib/node_modules/firebase-tools/lib/commands/index.js","/usr/local/lib/node_modules/firebase-tools/lib/index.js","/usr/local/lib/node_modules/firebase-tools/lib/bin/firebase.js"]}
[debug] [2024-11-14T15:51:50.922Z] checkFunctionsSDKVersion encountered error: Invalid Version:  {}
[debug] [2024-11-14T15:51:50.922Z] > [functions] package.json contents: {
  "name": "functions",
  "description": "Cloud Functions for Firebase",
  "scripts": {
    "serve": "firebase emulators:start --only functions",
    "shell": "firebase functions:shell",
    "start": "npm run shell",
    "deploy": "firebase deploy --only functions",
    "logs": "firebase functions:log"
  },
  "engines": {
    "node": "18"
  },
  "main": "index.js",
  "dependencies": {
    "firebase-admin": "^12.6.0",
    "firebase-functions": "^6.0.1"
  },
  "devDependencies": {
    "firebase-functions-test": "^3.1.0"
  },
  "private": true
}
[debug] [2024-11-14T15:51:50.922Z] Building nodejs source
[debug] [2024-11-14T15:51:50.923Z] Failed to find version of module node: reached end of search path /Users/abdallahadry/CODE-TODO/functions/node_modules
[warn] ⚠  functions: Your requested "node" version "18" doesn't match your global version "23". Using node@23 from host. 
[debug] [2024-11-14T15:51:50.924Z] Could not parse firebase-functions version '' into semver. Falling back to parseTriggers.
[error] ⬢  functions: Failed to load function definition from source: FirebaseError: Error parsing triggers: Cannot find module 'firebase-functions/v2/https'
Require stack:
- /Users/abdallahadry/CODE-TODO/functions/index.js
- /usr/local/lib/node_modules/firebase-tools/lib/deploy/functions/runtimes/node/triggerParser.js

Try running "npm install" in your functions directory before deploying. {"metadata":{"emulator":{"name":"functions"},"message":"Failed to load function definition from source: FirebaseError: Error parsing triggers: Cannot find module 'firebase-functions/v2/https'\nRequire stack:\n- /Users/abdallahadry/CODE-TODO/functions/index.js\n- /usr/local/lib/node_modules/firebase-tools/lib/deploy/functions/runtimes/node/triggerParser.js\n\nTry running \"npm install\" in your functions directory before deploying."}}
[info] i  hosting: ::1 - - [14/Nov/2024:15:52:02 +0000] "GET / HTTP/1.1" 500 - "-" "Mozilla/5.0 (Macintosh; Intel Mac OS X 10_15_7) AppleWebKit/537.36 (KHTML, like Gecko) Chrome/130.0.0.0 Safari/537.36" {"metadata":{"emulator":{"name":"hosting"},"message":"::1 - - [14/Nov/2024:15:52:02 +0000] \"GET / HTTP/1.1\" 500 - \"-\" \"Mozilla/5.0 (Macintosh; Intel Mac OS X 10_15_7) AppleWebKit/537.36 (KHTML, like Gecko) Chrome/130.0.0.0 Safari/537.36\""}}
[info] i  hosting: ::1 - - [14/Nov/2024:15:52:03 +0000] "GET /favicon.ico HTTP/1.1" 500 - "http://localhost:5002/" "Mozilla/5.0 (Macintosh; Intel Mac OS X 10_15_7) AppleWebKit/537.36 (KHTML, like Gecko) Chrome/130.0.0.0 Safari/537.36" {"metadata":{"emulator":{"name":"hosting"},"message":"::1 - - [14/Nov/2024:15:52:03 +0000] \"GET /favicon.ico HTTP/1.1\" 500 - \"http://localhost:5002/\" \"Mozilla/5.0 (Macintosh; Intel Mac OS X 10_15_7) AppleWebKit/537.36 (KHTML, like Gecko) Chrome/130.0.0.0 Safari/537.36\""}}
